// Jest Snapshot v1, https://goo.gl/fbAQLP

exports[`should render BillInput correctly 1`] = `
<styled.div>
  <styled.button
    key="1"
    onClick={[Function]}
    type="button"
    value="1"
  >
    1
  </styled.button>
  <styled.button
    key="2"
    onClick={[Function]}
    type="button"
    value="2"
  >
    2
  </styled.button>
  <styled.button
    key="3"
    onClick={[Function]}
    type="button"
    value="3"
  >
    3
  </styled.button>
  <styled.button
    key="4"
    onClick={[Function]}
    type="button"
    value="4"
  >
    4
  </styled.button>
  <styled.button
    key="5"
    onClick={[Function]}
    type="button"
    value="5"
  >
    5
  </styled.button>
  <styled.button
    key="6"
    onClick={[Function]}
    type="button"
    value="6"
  >
    6
  </styled.button>
  <styled.button
    key="7"
    onClick={[Function]}
    type="button"
    value="7"
  >
    7
  </styled.button>
  <styled.button
    key="8"
    onClick={[Function]}
    type="button"
    value="8"
  >
    8
  </styled.button>
  <styled.button
    key="9"
    onClick={[Function]}
    type="button"
    value="9"
  >
    9
  </styled.button>
  <styled.button
    key="AC"
    onClick={[Function]}
    type="button"
    value="AC"
  >
    AC
  </styled.button>
  <styled.button
    key="0"
    onClick={[Function]}
    type="button"
    value="0"
  >
    0
  </styled.button>
  <styled.button
    key="delete"
    onClick={[Function]}
    type="button"
    value="delete"
  >
    <DeleteIcon />
  </styled.button>
</styled.div>
`;
